  AssetImportLibrary.cpp
  AudioClass.cpp
  AudioCommand.cpp
  AudioEQComponent.cpp
  AudioSource.cpp
  AxisCommand.cpp
  BaseObject.cpp
  ButtonCommand.cpp
  Command.cpp
  Cubemaps.cpp
  EntityComponent.cpp
  Camera.cpp
  Entity.cpp
  EventHandler.cpp
  GameLoop.cpp
  GLErrorReporting.cpp
  GLSetup.cpp
  GLWindow.cpp
  Graphic.cpp
  GUI_Base.cpp
  InputHandler.cpp
  Light.cpp
  LightComponent.cpp
  LineRenderComponent.cpp
  LineRenderer.cpp
  LineShaperComponent.cpp
  Log.cpp
C:\Users\dnlha\Documents\VS Projects\Moxie-Engine\OpenGLBasics\Log.cpp(55,1): warning C5082: second argument to 'va_start' is not the last named parameter
  MActor.cpp
  MainMenu.cpp
  Material.cpp
  Mesh.cpp
  MeshComponent.cpp
  MouseCapture.cpp
  MoxieEvents.cpp
  MViewport.cpp
C:\Users\dnlha\Documents\VS Projects\Moxie-Engine\OpenGLBasics\MViewport.cpp(69,16): warning C4312: 'type cast': conversion from 'GLuint' to 'ImTextureID' of greater size
  MyLightComponent.cpp
  PlatformInit.cpp
  VulkanErrorReporting.cpp
  VulkanPlatformInit.cpp
  RenderingPipeline.cpp
  RotatingLightComponent.cpp
  ShapeTransformationLibrary.cpp
  SoundEngine.cpp
  StandaloneWindow.cpp
  Texture.cpp
  VulkanPipelineBuilder.cpp
  WavReader.cpp
  imgui.cpp
  imgui_demo.cpp
  imgui_draw.cpp
  imgui_impl_opengl3.cpp
  imgui_impl_sdl.cpp
  imgui_impl_sdlrenderer.cpp
  imgui_impl_vulkan.cpp
  imgui_tables.cpp
  imgui_widgets.cpp
  implot.cpp
  implot_demo.cpp
  implot_items.cpp
  Generating Code...
VulkanPlatformInit.obj : error LNK2019: unresolved external symbol vkCreateDebugReportCallbackEXT referenced in function "public: bool __cdecl PVulkanPlatformInit::SetupDebugCallbacks(void)" (?SetupDebugCallbacks@PVulkanPlatformInit@@QEAA_NXZ)
C:\Users\dnlha\Documents\VS Projects\Moxie-Engine\x64\Debug\Moxie.exe : fatal error LNK1120: 1 unresolved externals
